Archive member included because of file (symbol)

c:/program files/eclipsearm/sourcery-g++-lite-arm-2011.03/bin/../lib/gcc/arm-none-eabi/4.5.2\libgcc.a(_divsi3.o)
                              ./common/44blib.o (__aeabi_idiv)
c:/program files/eclipsearm/sourcery-g++-lite-arm-2011.03/bin/../lib/gcc/arm-none-eabi/4.5.2\libgcc.a(_dvmd_tls.o)
                              c:/program files/eclipsearm/sourcery-g++-lite-arm-2011.03/bin/../lib/gcc/arm-none-eabi/4.5.2\libgcc.a(_divsi3.o) (__aeabi_idiv0)
c:/program files/eclipsearm/sourcery-g++-lite-arm-2011.03/bin/../lib/gcc/arm-none-eabi/4.5.2/../../../../arm-none-eabi/lib\libc.a(lib_a-memcpy.o)
                              ./lcd.o (memcpy)
c:/program files/eclipsearm/sourcery-g++-lite-arm-2011.03/bin/../lib/gcc/arm-none-eabi/4.5.2/../../../../arm-none-eabi/lib\libc.a(lib_a-memset.o)
                              ./sudoku_2015.o (memset)
c:/program files/eclipsearm/sourcery-g++-lite-arm-2011.03/bin/../lib/gcc/arm-none-eabi/4.5.2/../../../../arm-none-eabi/lib\libc.a(lib_a-strcat.o)
                              ./lcd.o (strcat)
c:/program files/eclipsearm/sourcery-g++-lite-arm-2011.03/bin/../lib/gcc/arm-none-eabi/4.5.2/../../../../arm-none-eabi/lib\libc.a(lib_a-strcpy.o)
                              c:/program files/eclipsearm/sourcery-g++-lite-arm-2011.03/bin/../lib/gcc/arm-none-eabi/4.5.2/../../../../arm-none-eabi/lib\libc.a(lib_a-strcat.o) (strcpy)
c:/program files/eclipsearm/sourcery-g++-lite-arm-2011.03/bin/../lib/gcc/arm-none-eabi/4.5.2/../../../../arm-none-eabi/lib\libc.a(lib_a-strlen.o)
                              ./lcd.o (strlen)

Allocating common symbols
Common symbol       size              file

ucCursorBackUp      0x78              ./Bmp.o
ulMouseY            0x2               ./Bmp.o
fileSize            0x4               ./common/44blib.o
ulMouseX            0x2               ./Bmp.o
leido               0x4               ./main.o
downPt              0x4               ./common/44blib.o

Memory Configuration

Name             Origin             Length             Attributes
*default*        0x00000000         0xffffffff

Linker script and memory map

LOAD ./common/44binit.o
LOAD ./common/44blib.o
LOAD ./common/AscII8x16.o
LOAD ./8led.o
LOAD ./Bmp.o
LOAD ./button.o
LOAD ./candidatos_arm.o
LOAD ./candidatos_thumb.o
LOAD ./lcd.o
LOAD ./led.o
LOAD ./main.o
LOAD ./provocarExc.o
LOAD ./recalcular.o
LOAD ./stack.o
LOAD ./sudoku_2015.o
LOAD ./timer.o
LOAD ./timer2.o
START GROUP
LOAD c:/program files/eclipsearm/sourcery-g++-lite-arm-2011.03/bin/../lib/gcc/arm-none-eabi/4.5.2\libgcc.a
LOAD c:/program files/eclipsearm/sourcery-g++-lite-arm-2011.03/bin/../lib/gcc/arm-none-eabi/4.5.2/../../../../arm-none-eabi/lib\libc.a
END GROUP
                0x00000000                . = ALIGN (0x4)
                0x0c000000                . = 0xc000000
                0x0c000000                Image_RO_Base = .

.text           0x0c000000     0x61b8
 *(.text)
 .text          0x0c000000      0x7f8 ./common/44binit.o
 .text          0x0c0007f8      0x45c ./common/44blib.o
                0x0c0007f8                Delay
                0x0c000930                DelayMs
                0x0c000994                Port_Init
                0x0c000b24                malloc
                0x0c000bc4                free
                0x0c000bf4                sys_init
 .text          0x0c000c54        0x0 ./common/AscII8x16.o
 .text          0x0c000c54       0x78 ./8led.o
                0x0c000c54                D8Led_init
                0x0c000c78                D8Led_symbol
 .text          0x0c000ccc      0x800 ./Bmp.o
                0x0c000ccc                BitmapView
                0x0c000e58                BitmapPush
                0x0c0010c4                BitmapPop
                0x0c001350                CursorInit
                0x0c0013a4                CursorPush
                0x0c001400                CursorPop
                0x0c00145c                CursorView
 .text          0x0c0014cc      0x7b0 ./button.o
                0x0c0014cc                Eint4567_init
                0x0c0015ac                Eint4567_ISR
                0x0c0018dc                esperaFinalizada
                0x0c001bf0                iniciarEspera
 .text          0x0c001c7c      0x14c ./candidatos_arm.o
                0x0c001c7c                sudoku_candidatos_arm
 .text          0x0c001dc8       0xbc ./candidatos_thumb.o
                0x0c001dc8                sudoku_candidatos_thumb
                0x0c001de0                candidatos_thumb_interno
 .text          0x0c001e84     0x2dfc ./lcd.o
                0x0c001e84                Lcd_Init
                0x0c002018                Lcd_Active_Clr
                0x0c002080                LCD_GetPixel
                0x0c002150                Lcd_Clr
                0x0c0021bc                LcdClrRect
                0x0c00280c                Lcd_Draw_Box
                0x0c0028a8                Lcd_Draw_Line
                0x0c003200                Lcd_Draw_HLine
                0x0c003408                Lcd_Draw_VLine
                0x0c003640                Lcd_DspAscII8x16
                0x0c003954                ReverseLine
                0x0c003a48                Zdma0Done
                0x0c003a88                Lcd_Dma_Trans
                0x0c003b34                Lcd_Test
                0x0c003d18                pantalla_inicial
                0x0c003e8c                reverse_string
                0x0c003f64                itoa
                0x0c0040e8                mostrarTiempo
                0x0c004264                tablero
                0x0c00460c                putData
                0x0c0046c8                putError
                0x0c004914                putPista
                0x0c004a5c                putCandidates
                0x0c004bc4                paintCircle
                0x0c004c18                putFinal
 .text          0x0c004c80      0x23c ./led.o
                0x0c004c80                leds_on
                0x0c004ca0                leds_off
                0x0c004cc0                led1_on
                0x0c004d00                led1_off
                0x0c004d40                led2_on
                0x0c004d80                led2_off
                0x0c004dc0                leds_switch
                0x0c004e00                Led_Display
 .text          0x0c004ebc      0x128 ./main.o
                0x0c004ebc                Main
                0x0c004f64                parpadeos
 .text          0x0c004fe4       0x18 ./provocarExc.o
                0x0c004fe4                DoUndef
                0x0c004fec                DoDabort
 .text          0x0c004ffc       0x64 ./recalcular.o
                0x0c004ffc                sudoku_recalcular_arm
 .text          0x0c005060      0x124 ./stack.o
                0x0c005060                init_stack
                0x0c0050d0                push_debug
 .text          0x0c005184      0x6c8 ./sudoku_2015.o
                0x0c005184                celda_poner_valor
                0x0c0051f8                celda_leer_valor
                0x0c005234                celda_leer_candidatos
                0x0c005270                es_pista
                0x0c0052a8                sudoku_recalcular_c
                0x0c0054ec                sudoku9x9
 .text          0x0c00584c      0x104 ./timer.o
                0x0c00584c                timer_ISR
                0x0c005894                timer_init
 .text          0x0c005950      0x278 ./timer2.o
                0x0c005950                timer2_ISR
                0x0c0059d0                timer2_inicializar
                0x0c005aa4                timer2_empezar
                0x0c005ae4                timer2_leer
                0x0c005b6c                timer2_stop
                0x0c005ba0                boton_pulsado
 .text          0x0c005bc8      0x148 c:/program files/eclipsearm/sourcery-g++-lite-arm-2011.03/bin/../lib/gcc/arm-none-eabi/4.5.2\libgcc.a(_divsi3.o)
                0x0c005bc8                __divsi3
                0x0c005bc8                __aeabi_idiv
                0x0c005cf0                __aeabi_idivmod
 .text          0x0c005d10        0x4 c:/program files/eclipsearm/sourcery-g++-lite-arm-2011.03/bin/../lib/gcc/arm-none-eabi/4.5.2\libgcc.a(_dvmd_tls.o)
                0x0c005d10                __aeabi_idiv0
                0x0c005d10                __aeabi_ldiv0
 .text          0x0c005d14      0x1c0 c:/program files/eclipsearm/sourcery-g++-lite-arm-2011.03/bin/../lib/gcc/arm-none-eabi/4.5.2/../../../../arm-none-eabi/lib\libc.a(lib_a-memcpy.o)
                0x0c005d14                memcpy
 .text          0x0c005ed4      0x100 c:/program files/eclipsearm/sourcery-g++-lite-arm-2011.03/bin/../lib/gcc/arm-none-eabi/4.5.2/../../../../arm-none-eabi/lib\libc.a(lib_a-memset.o)
                0x0c005ed4                memset
 .text          0x0c005fd4       0x94 c:/program files/eclipsearm/sourcery-g++-lite-arm-2011.03/bin/../lib/gcc/arm-none-eabi/4.5.2/../../../../arm-none-eabi/lib\libc.a(lib_a-strcat.o)
                0x0c005fd4                strcat
 .text          0x0c006068       0xf0 c:/program files/eclipsearm/sourcery-g++-lite-arm-2011.03/bin/../lib/gcc/arm-none-eabi/4.5.2/../../../../arm-none-eabi/lib\libc.a(lib_a-strcpy.o)
                0x0c006068                strcpy
 .text          0x0c006158       0x60 c:/program files/eclipsearm/sourcery-g++-lite-arm-2011.03/bin/../lib/gcc/arm-none-eabi/4.5.2/../../../../arm-none-eabi/lib\libc.a(lib_a-strlen.o)
                0x0c006158                strlen
                0x0c0061b8                Image_RO_Limit = .
                0x0c0061b8                Image_RW_Base = .

.glue_7         0x0c0061b8        0x0
 .glue_7        0x00000000        0x0 linker stubs

.glue_7t        0x0c0061b8        0x0
 .glue_7t       0x00000000        0x0 linker stubs

.vfp11_veneer   0x0c0061b8        0x0
 .vfp11_veneer  0x00000000        0x0 linker stubs

.v4_bx          0x0c0061b8        0x0
 .v4_bx         0x00000000        0x0 linker stubs

.data           0x0c0061b8       0x84
 *(.data)
 .data          0x0c0061b8        0x6 ./common/44binit.o
                0x0c0061b8                BDRAMTYPE
 *fill*         0x0c0061be        0x2 00
 .data          0x0c0061c0        0xc ./common/44blib.o
                0x0c0061c0                mallocPt
                0x0c0061c4                run
 .data          0x0c0061cc        0x0 ./common/AscII8x16.o
 .data          0x0c0061cc       0x44 ./8led.o
                0x0c0061cc                Symbol
 .data          0x0c006210       0x10 ./Bmp.o
                0x0c006210                Stru_Bitmap_gbMouse
 .data          0x0c006220        0x4 ./button.o
                0x0c006220                valor
 .data          0x0c006224        0x0 ./candidatos_arm.o
 .data          0x0c006224        0x0 ./candidatos_thumb.o
 .data          0x0c006224       0x18 ./lcd.o
 .data          0x0c00623c        0x0 ./led.o
 .data          0x0c00623c        0x0 ./main.o
 .data          0x0c00623c        0x0 ./provocarExc.o
 .data          0x0c00623c        0x0 ./recalcular.o
 .data          0x0c00623c        0x0 ./stack.o
 .data          0x0c00623c        0x0 ./sudoku_2015.o
 .data          0x0c00623c        0x0 ./timer.o
 .data          0x0c00623c        0x0 ./timer2.o
 .data          0x0c00623c        0x0 c:/program files/eclipsearm/sourcery-g++-lite-arm-2011.03/bin/../lib/gcc/arm-none-eabi/4.5.2\libgcc.a(_divsi3.o)
 .data          0x0c00623c        0x0 c:/program files/eclipsearm/sourcery-g++-lite-arm-2011.03/bin/../lib/gcc/arm-none-eabi/4.5.2\libgcc.a(_dvmd_tls.o)
 .data          0x0c00623c        0x0 c:/program files/eclipsearm/sourcery-g++-lite-arm-2011.03/bin/../lib/gcc/arm-none-eabi/4.5.2/../../../../arm-none-eabi/lib\libc.a(lib_a-memcpy.o)
 .data          0x0c00623c        0x0 c:/program files/eclipsearm/sourcery-g++-lite-arm-2011.03/bin/../lib/gcc/arm-none-eabi/4.5.2/../../../../arm-none-eabi/lib\libc.a(lib_a-memset.o)
 .data          0x0c00623c        0x0 c:/program files/eclipsearm/sourcery-g++-lite-arm-2011.03/bin/../lib/gcc/arm-none-eabi/4.5.2/../../../../arm-none-eabi/lib\libc.a(lib_a-strcat.o)
 .data          0x0c00623c        0x0 c:/program files/eclipsearm/sourcery-g++-lite-arm-2011.03/bin/../lib/gcc/arm-none-eabi/4.5.2/../../../../arm-none-eabi/lib\libc.a(lib_a-strcpy.o)
 .data          0x0c00623c        0x0 c:/program files/eclipsearm/sourcery-g++-lite-arm-2011.03/bin/../lib/gcc/arm-none-eabi/4.5.2/../../../../arm-none-eabi/lib\libc.a(lib_a-strlen.o)

.rodata         0x0c00623c     0x137c
 *(.rodata)
 .rodata        0x0c00623c     0x1004 ./common/AscII8x16.o
                0x0c00623c                g_auc_Ascii8x16
 .rodata        0x0c007240       0xf0 ./Bmp.o
                0x0c007240                ucMouseMap
 .rodata        0x0c007330      0x288 ./lcd.o
                0x0c0075b8                Image_RW_Limit = .
                0x0c0075b8                Image_ZI_Base = .

.bss            0x0c0075b8       0xd4
 *(.bss)
 .bss           0x0c0075b8        0x0 ./common/44binit.o
 .bss           0x0c0075b8        0x4 ./common/44blib.o
                0x0c0075b8                restart
 .bss           0x0c0075bc        0x0 ./common/AscII8x16.o
 .bss           0x0c0075bc        0x0 ./8led.o
 .bss           0x0c0075bc        0x0 ./Bmp.o
 .bss           0x0c0075bc       0x28 ./button.o
                0x0c0075bc                state
                0x0c0075c0                fila
                0x0c0075c4                columna
 .bss           0x0c0075e4        0x0 ./candidatos_arm.o
 .bss           0x0c0075e4        0x0 ./candidatos_thumb.o
 .bss           0x0c0075e4        0x4 ./lcd.o
 .bss           0x0c0075e8        0x4 ./led.o
 .bss           0x0c0075ec        0x0 ./main.o
 .bss           0x0c0075ec        0x0 ./provocarExc.o
 .bss           0x0c0075ec        0x0 ./recalcular.o
 .bss           0x0c0075ec        0x4 ./stack.o
 .bss           0x0c0075f0        0x8 ./sudoku_2015.o
                0x0c0075f0                tiempoCalculo
                0x0c0075f4                tiempoTotal
 .bss           0x0c0075f8        0x4 ./timer.o
                0x0c0075f8                switch_leds
 .bss           0x0c0075fc        0x8 ./timer2.o
                0x0c0075fc                timer2_num_int
 .bss           0x0c007604        0x0 c:/program files/eclipsearm/sourcery-g++-lite-arm-2011.03/bin/../lib/gcc/arm-none-eabi/4.5.2\libgcc.a(_divsi3.o)
 .bss           0x0c007604        0x0 c:/program files/eclipsearm/sourcery-g++-lite-arm-2011.03/bin/../lib/gcc/arm-none-eabi/4.5.2\libgcc.a(_dvmd_tls.o)
 .bss           0x0c007604        0x0 c:/program files/eclipsearm/sourcery-g++-lite-arm-2011.03/bin/../lib/gcc/arm-none-eabi/4.5.2/../../../../arm-none-eabi/lib\libc.a(lib_a-memcpy.o)
 .bss           0x0c007604        0x0 c:/program files/eclipsearm/sourcery-g++-lite-arm-2011.03/bin/../lib/gcc/arm-none-eabi/4.5.2/../../../../arm-none-eabi/lib\libc.a(lib_a-memset.o)
 .bss           0x0c007604        0x0 c:/program files/eclipsearm/sourcery-g++-lite-arm-2011.03/bin/../lib/gcc/arm-none-eabi/4.5.2/../../../../arm-none-eabi/lib\libc.a(lib_a-strcat.o)
 .bss           0x0c007604        0x0 c:/program files/eclipsearm/sourcery-g++-lite-arm-2011.03/bin/../lib/gcc/arm-none-eabi/4.5.2/../../../../arm-none-eabi/lib\libc.a(lib_a-strcpy.o)
 .bss           0x0c007604        0x0 c:/program files/eclipsearm/sourcery-g++-lite-arm-2011.03/bin/../lib/gcc/arm-none-eabi/4.5.2/../../../../arm-none-eabi/lib\libc.a(lib_a-strlen.o)
 COMMON         0x0c007604        0x8 ./common/44blib.o
                0x0c007604                fileSize
                0x0c007608                downPt
 COMMON         0x0c00760c       0x7c ./Bmp.o
                0x0c00760c                ucCursorBackUp
                0x0c007684                ulMouseY
                0x0c007686                ulMouseX
 COMMON         0x0c007688        0x4 ./main.o
                0x0c007688                leido
                0x0c00768c                Image_ZI_Limit = .
                0x0c00768c                __bss_start__ = .
                0x0c00768c                __bss_end__ = .
OUTPUT(Practica2.elf elf32-littlearm)

.ARM.attributes
                0x00000000       0x2e
 .ARM.attributes
                0x00000000       0x22 ./common/44binit.o
 .ARM.attributes
                0x00000022       0x32 ./common/44blib.o
 .ARM.attributes
                0x00000054       0x32 ./common/AscII8x16.o
 .ARM.attributes
                0x00000086       0x32 ./8led.o
 .ARM.attributes
                0x000000b8       0x32 ./Bmp.o
 .ARM.attributes
                0x000000ea       0x32 ./button.o
 .ARM.attributes
                0x0000011c       0x22 ./candidatos_arm.o
 .ARM.attributes
                0x0000013e       0x22 ./candidatos_thumb.o
 .ARM.attributes
                0x00000160       0x32 ./lcd.o
 .ARM.attributes
                0x00000192       0x32 ./led.o
 .ARM.attributes
                0x000001c4       0x32 ./main.o
 .ARM.attributes
                0x000001f6       0x22 ./provocarExc.o
 .ARM.attributes
                0x00000218       0x22 ./recalcular.o
 .ARM.attributes
                0x0000023a       0x32 ./stack.o
 .ARM.attributes
                0x0000026c       0x32 ./sudoku_2015.o
 .ARM.attributes
                0x0000029e       0x32 ./timer.o
 .ARM.attributes
                0x000002d0       0x32 ./timer2.o
 .ARM.attributes
                0x00000302       0x1a c:/program files/eclipsearm/sourcery-g++-lite-arm-2011.03/bin/../lib/gcc/arm-none-eabi/4.5.2\libgcc.a(_divsi3.o)
 .ARM.attributes
                0x0000031c       0x18 c:/program files/eclipsearm/sourcery-g++-lite-arm-2011.03/bin/../lib/gcc/arm-none-eabi/4.5.2\libgcc.a(_dvmd_tls.o)
 .ARM.attributes
                0x00000334       0x34 c:/program files/eclipsearm/sourcery-g++-lite-arm-2011.03/bin/../lib/gcc/arm-none-eabi/4.5.2/../../../../arm-none-eabi/lib\libc.a(lib_a-memcpy.o)
 .ARM.attributes
                0x00000368       0x34 c:/program files/eclipsearm/sourcery-g++-lite-arm-2011.03/bin/../lib/gcc/arm-none-eabi/4.5.2/../../../../arm-none-eabi/lib\libc.a(lib_a-memset.o)
 .ARM.attributes
                0x0000039c       0x34 c:/program files/eclipsearm/sourcery-g++-lite-arm-2011.03/bin/../lib/gcc/arm-none-eabi/4.5.2/../../../../arm-none-eabi/lib\libc.a(lib_a-strcat.o)
 .ARM.attributes
                0x000003d0       0x34 c:/program files/eclipsearm/sourcery-g++-lite-arm-2011.03/bin/../lib/gcc/arm-none-eabi/4.5.2/../../../../arm-none-eabi/lib\libc.a(lib_a-strcpy.o)
 .ARM.attributes
                0x00000404       0x34 c:/program files/eclipsearm/sourcery-g++-lite-arm-2011.03/bin/../lib/gcc/arm-none-eabi/4.5.2/../../../../arm-none-eabi/lib\libc.a(lib_a-strlen.o)

.comment        0x00000000       0x2a
 .comment       0x00000000       0x2a ./common/44blib.o
                                 0x2b (size before relaxing)
 .comment       0x00000000       0x2b ./common/AscII8x16.o
 .comment       0x00000000       0x2b ./8led.o
 .comment       0x00000000       0x2b ./Bmp.o
 .comment       0x00000000       0x2b ./button.o
 .comment       0x00000000       0x2b ./lcd.o
 .comment       0x00000000       0x2b ./led.o
 .comment       0x00000000       0x2b ./main.o
 .comment       0x00000000       0x2b ./stack.o
 .comment       0x00000000       0x2b ./sudoku_2015.o
 .comment       0x00000000       0x2b ./timer.o
 .comment       0x00000000       0x2b ./timer2.o

.debug_line     0x00000000     0x196f
 .debug_line    0x00000000      0x139 ./common/44binit.o
 .debug_line    0x00000139      0x3a6 ./common/44blib.o
 .debug_line    0x000004df       0x3f ./common/AscII8x16.o
 .debug_line    0x0000051e       0x80 ./8led.o
 .debug_line    0x0000059e       0xfe ./Bmp.o
 .debug_line    0x0000069c      0x102 ./button.o
 .debug_line    0x0000079e       0x99 ./candidatos_arm.o
 .debug_line    0x00000837       0x9e ./candidatos_thumb.o
 .debug_line    0x000008d5      0x6d2 ./lcd.o
 .debug_line    0x00000fa7       0x94 ./led.o
 .debug_line    0x0000103b      0x356 ./main.o
 .debug_line    0x00001391       0x43 ./provocarExc.o
 .debug_line    0x000013d4       0x59 ./recalcular.o
 .debug_line    0x0000142d       0x91 ./stack.o
 .debug_line    0x000014be      0x38f ./sudoku_2015.o
 .debug_line    0x0000184d       0x83 ./timer.o
 .debug_line    0x000018d0       0x9f ./timer2.o

.debug_info     0x00000000     0x1d7f
 .debug_info    0x00000000       0x57 ./common/44binit.o
 .debug_info    0x00000057      0x229 ./common/44blib.o
 .debug_info    0x00000280       0x60 ./common/AscII8x16.o
 .debug_info    0x000002e0      0x11b ./8led.o
 .debug_info    0x000003fb      0x33c ./Bmp.o
 .debug_info    0x00000737      0x1cf ./button.o
 .debug_info    0x00000906       0x57 ./candidatos_arm.o
 .debug_info    0x0000095d       0x59 ./candidatos_thumb.o
 .debug_info    0x000009b6      0xb3f ./lcd.o
 .debug_info    0x000014f5       0xf6 ./led.o
 .debug_info    0x000015eb      0x12e ./main.o
 .debug_info    0x00001719       0x54 ./provocarExc.o
 .debug_info    0x0000176d       0x53 ./recalcular.o
 .debug_info    0x000017c0       0xb8 ./stack.o
 .debug_info    0x00001878      0x36a ./sudoku_2015.o
 .debug_info    0x00001be2       0x7f ./timer.o
 .debug_info    0x00001c61      0x11e ./timer2.o

.debug_abbrev   0x00000000      0x9af
 .debug_abbrev  0x00000000       0x14 ./common/44binit.o
 .debug_abbrev  0x00000014      0x11f ./common/44blib.o
 .debug_abbrev  0x00000133       0x4b ./common/AscII8x16.o
 .debug_abbrev  0x0000017e       0xba ./8led.o
 .debug_abbrev  0x00000238       0xf8 ./Bmp.o
 .debug_abbrev  0x00000330       0xb8 ./button.o
 .debug_abbrev  0x000003e8       0x14 ./candidatos_arm.o
 .debug_abbrev  0x000003fc       0x14 ./candidatos_thumb.o
 .debug_abbrev  0x00000410      0x1e5 ./lcd.o
 .debug_abbrev  0x000005f5       0x69 ./led.o
 .debug_abbrev  0x0000065e       0xa0 ./main.o
 .debug_abbrev  0x000006fe       0x14 ./provocarExc.o
 .debug_abbrev  0x00000712       0x14 ./recalcular.o
 .debug_abbrev  0x00000726       0x80 ./stack.o
 .debug_abbrev  0x000007a6      0x118 ./sudoku_2015.o
 .debug_abbrev  0x000008be       0x5f ./timer.o
 .debug_abbrev  0x0000091d       0x92 ./timer2.o

.debug_aranges  0x00000000      0x200
 .debug_aranges
                0x00000000       0x20 ./common/44binit.o
 .debug_aranges
                0x00000020       0x20 ./common/44blib.o
 .debug_aranges
                0x00000040       0x20 ./8led.o
 .debug_aranges
                0x00000060       0x20 ./Bmp.o
 .debug_aranges
                0x00000080       0x20 ./button.o
 .debug_aranges
                0x000000a0       0x20 ./candidatos_arm.o
 .debug_aranges
                0x000000c0       0x20 ./candidatos_thumb.o
 .debug_aranges
                0x000000e0       0x20 ./lcd.o
 .debug_aranges
                0x00000100       0x20 ./led.o
 .debug_aranges
                0x00000120       0x20 ./main.o
 .debug_aranges
                0x00000140       0x20 ./provocarExc.o
 .debug_aranges
                0x00000160       0x20 ./recalcular.o
 .debug_aranges
                0x00000180       0x20 ./stack.o
 .debug_aranges
                0x000001a0       0x20 ./sudoku_2015.o
 .debug_aranges
                0x000001c0       0x20 ./timer.o
 .debug_aranges
                0x000001e0       0x20 ./timer2.o

.debug_macinfo  0x00000000    0x4173e
 .debug_macinfo
                0x00000000     0x8301 ./common/44blib.o
 .debug_macinfo
                0x00008301     0x2297 ./common/AscII8x16.o
 .debug_macinfo
                0x0000a598     0x50a9 ./8led.o
 .debug_macinfo
                0x0000f641     0x2871 ./Bmp.o
 .debug_macinfo
                0x00011eb2     0x522d ./button.o
 .debug_macinfo
                0x000170df     0x84e3 ./lcd.o
 .debug_macinfo
                0x0001f5c2     0x50a9 ./led.o
 .debug_macinfo
                0x0002466b     0x7adc ./main.o
 .debug_macinfo
                0x0002c147     0x50ea ./stack.o
 .debug_macinfo
                0x00031231     0x63bb ./sudoku_2015.o
 .debug_macinfo
                0x000375ec     0x50a9 ./timer.o
 .debug_macinfo
                0x0003c695     0x50a9 ./timer2.o

.debug_loc      0x00000000      0xc08
 .debug_loc     0x00000000      0x108 ./common/44blib.o
 .debug_loc     0x00000108       0x58 ./8led.o
 .debug_loc     0x00000160      0x134 ./Bmp.o
 .debug_loc     0x00000294       0xb0 ./button.o
 .debug_loc     0x00000344      0x44c ./lcd.o
 .debug_loc     0x00000790      0x160 ./led.o
 .debug_loc     0x000008f0       0x58 ./main.o
 .debug_loc     0x00000948       0x58 ./stack.o
 .debug_loc     0x000009a0      0x108 ./sudoku_2015.o
 .debug_loc     0x00000aa8       0x58 ./timer.o
 .debug_loc     0x00000b00      0x108 ./timer2.o

.debug_pubnames
                0x00000000      0x63d
 .debug_pubnames
                0x00000000       0x90 ./common/44blib.o
 .debug_pubnames
                0x00000090       0x26 ./common/AscII8x16.o
 .debug_pubnames
                0x000000b6       0x3d ./8led.o
 .debug_pubnames
                0x000000f3       0xcd ./Bmp.o
 .debug_pubnames
                0x000001c0       0x85 ./button.o
 .debug_pubnames
                0x00000245      0x19d ./lcd.o
 .debug_pubnames
                0x000003e2       0x7d ./led.o
 .debug_pubnames
                0x0000045f       0x33 ./main.o
 .debug_pubnames
                0x00000492       0x30 ./stack.o
 .debug_pubnames
                0x000004c2       0xac ./sudoku_2015.o
 .debug_pubnames
                0x0000056e       0x3f ./timer.o
 .debug_pubnames
                0x000005ad       0x90 ./timer2.o

.debug_pubtypes
                0x00000000       0xbe
 .debug_pubtypes
                0x00000000       0x12 ./common/44blib.o
 .debug_pubtypes
                0x00000012       0x2d ./Bmp.o
 .debug_pubtypes
                0x0000003f       0x38 ./lcd.o
 .debug_pubtypes
                0x00000077       0x12 ./main.o
 .debug_pubtypes
                0x00000089       0x35 ./sudoku_2015.o

.debug_str      0x00000000      0x830
 .debug_str     0x00000000      0x111 ./common/44blib.o
                                0x14f (size before relaxing)
 .debug_str     0x00000111       0x26 ./common/AscII8x16.o
                                 0x65 (size before relaxing)
 .debug_str     0x00000137       0x6c ./8led.o
                                 0x9d (size before relaxing)
 .debug_str     0x000001a3       0xfc ./Bmp.o
                                0x155 (size before relaxing)
 .debug_str     0x0000029f       0xb5 ./button.o
                                 0xf2 (size before relaxing)
 .debug_str     0x00000354      0x25c ./lcd.o
                                0x3a2 (size before relaxing)
 .debug_str     0x000005b0       0x68 ./led.o
                                 0x8c (size before relaxing)
 .debug_str     0x00000618       0x34 ./main.o
                                 0xf7 (size before relaxing)
 .debug_str     0x0000064c       0x3c ./stack.o
                                 0x6d (size before relaxing)
 .debug_str     0x00000688       0xea ./sudoku_2015.o
                                0x1f7 (size before relaxing)
 .debug_str     0x00000772       0x20 ./timer.o
                                 0x50 (size before relaxing)
 .debug_str     0x00000792       0x9e ./timer2.o
                                 0xcf (size before relaxing)

.debug_frame    0x00000000      0xa84
 .debug_frame   0x00000000       0xd0 ./common/44blib.o
 .debug_frame   0x000000d0       0x50 ./8led.o
 .debug_frame   0x00000120       0xf4 ./Bmp.o
 .debug_frame   0x00000214       0x9c ./button.o
 .debug_frame   0x000002b0      0x33c ./lcd.o
 .debug_frame   0x000005ec      0x110 ./led.o
 .debug_frame   0x000006fc       0x50 ./main.o
 .debug_frame   0x0000074c       0x54 ./stack.o
 .debug_frame   0x000007a0       0xd0 ./sudoku_2015.o
 .debug_frame   0x00000870       0x58 ./timer.o
 .debug_frame   0x000008c8       0xdc ./timer2.o
 .debug_frame   0x000009a4       0x20 c:/program files/eclipsearm/sourcery-g++-lite-arm-2011.03/bin/../lib/gcc/arm-none-eabi/4.5.2\libgcc.a(_divsi3.o)
 .debug_frame   0x000009c4       0x30 c:/program files/eclipsearm/sourcery-g++-lite-arm-2011.03/bin/../lib/gcc/arm-none-eabi/4.5.2/../../../../arm-none-eabi/lib\libc.a(lib_a-memcpy.o)
 .debug_frame   0x000009f4       0x28 c:/program files/eclipsearm/sourcery-g++-lite-arm-2011.03/bin/../lib/gcc/arm-none-eabi/4.5.2/../../../../arm-none-eabi/lib\libc.a(lib_a-memset.o)
 .debug_frame   0x00000a1c       0x28 c:/program files/eclipsearm/sourcery-g++-lite-arm-2011.03/bin/../lib/gcc/arm-none-eabi/4.5.2/../../../../arm-none-eabi/lib\libc.a(lib_a-strcat.o)
 .debug_frame   0x00000a44       0x20 c:/program files/eclipsearm/sourcery-g++-lite-arm-2011.03/bin/../lib/gcc/arm-none-eabi/4.5.2/../../../../arm-none-eabi/lib\libc.a(lib_a-strcpy.o)
 .debug_frame   0x00000a64       0x20 c:/program files/eclipsearm/sourcery-g++-lite-arm-2011.03/bin/../lib/gcc/arm-none-eabi/4.5.2/../../../../arm-none-eabi/lib\libc.a(lib_a-strlen.o)

.debug_ranges   0x00000000       0x18
 .debug_ranges  0x00000000       0x18 ./main.o
